------------------------------------------------------------
TimeQuest Timing Analyzer Summary
------------------------------------------------------------

Type  : Slow 1200mV 85C Model Setup 'clock'
Slack : -3.095
TNS   : -38.134

Type  : Slow 1200mV 85C Model Setup 'DIVISOR:clock_ajustado|clock_out'
Slack : 0.080
TNS   : 0.000

Type  : Slow 1200mV 85C Model Hold 'DIVISOR:clock_ajustado|clock_out'
Slack : 0.374
TNS   : 0.000

Type  : Slow 1200mV 85C Model Hold 'clock'
Slack : 0.556
TNS   : 0.000

Type  : Slow 1200mV 85C Model Minimum Pulse Width 'clock'
Slack : -3.000
TNS   : -29.000

Type  : Slow 1200mV 85C Model Minimum Pulse Width 'DIVISOR:clock_ajustado|clock_out'
Slack : -1.000
TNS   : -5.000

Type  : Slow 1200mV 0C Model Setup 'clock'
Slack : -2.690
TNS   : -30.950

Type  : Slow 1200mV 0C Model Setup 'DIVISOR:clock_ajustado|clock_out'
Slack : 0.174
TNS   : 0.000

Type  : Slow 1200mV 0C Model Hold 'DIVISOR:clock_ajustado|clock_out'
Slack : 0.339
TNS   : 0.000

Type  : Slow 1200mV 0C Model Hold 'clock'
Slack : 0.500
TNS   : 0.000

Type  : Slow 1200mV 0C Model Minimum Pulse Width 'clock'
Slack : -3.000
TNS   : -29.000

Type  : Slow 1200mV 0C Model Minimum Pulse Width 'DIVISOR:clock_ajustado|clock_out'
Slack : -1.000
TNS   : -5.000

Type  : Fast 1200mV 0C Model Setup 'clock'
Slack : -1.383
TNS   : -11.354

Type  : Fast 1200mV 0C Model Setup 'DIVISOR:clock_ajustado|clock_out'
Slack : 0.501
TNS   : 0.000

Type  : Fast 1200mV 0C Model Hold 'DIVISOR:clock_ajustado|clock_out'
Slack : 0.194
TNS   : 0.000

Type  : Fast 1200mV 0C Model Hold 'clock'
Slack : 0.298
TNS   : 0.000

Type  : Fast 1200mV 0C Model Minimum Pulse Width 'clock'
Slack : -3.000
TNS   : -30.422

Type  : Fast 1200mV 0C Model Minimum Pulse Width 'DIVISOR:clock_ajustado|clock_out'
Slack : -1.000
TNS   : -5.000

------------------------------------------------------------
